  ╨Ю╨┐╤А╨╡╨┤╨╡╨╗╨╡╨╜╨╕╨╡ ╨┐╤А╨╛╨╡╨║╤В╨╛╨▓ ╨┤╨╗╤П ╨▓╨╛╤Б╤Б╤В╨░╨╜╨╛╨▓╨╗╨╡╨╜╨╕╤П...
  ╨Т╤Б╨╡ ╨┐╤А╨╛╨╡╨║╤В╤Л ╨╛╨▒╨╜╨╛╨▓╨╗╨╡╨╜╤Л ╨┤╨╗╤П ╨▓╨╛╤Б╤Б╤В╨░╨╜╨╛╨▓╨╗╨╡╨╜╨╕╤П.
  PluginInterface -> c:\Users\User\Desktop\2_year\softwareDesign\MDI\PluginInterface\bin\Debug\PluginInterface.dll
c:\Users\User\Desktop\2_year\softwareDesign\MDI\GrayscalePlugin\GrayscaleFilter.cs(16,33): warning CA1416: ╨н╤В╨╛╤В ╤Б╨░╨╣╤В ╨▓╤Л╨╖╨╛╨▓╨░ ╨┤╨╛╤Б╤В╤Г╨┐╨╡╨╜ ╨╜╨░ ╨▓╤Б╨╡╤Е ╨┐╨╗╨░╤В╤Д╨╛╤А╨╝╨░╤Е. "Image.Height" ╨┐╨╛╨┤╨┤╨╡╤А╨╢╨╕╨▓╨░╨╡╤В╤Б╤П ╤В╨╛╨╗╤М╨║╨╛ ╨▓ "windows" 6.1 ╨╕ ╨▒╨╛╨╗╨╡╨╡ ╨┐╨╛╨╖╨┤╨╜╨╕╤Е ╨▓╨╡╤А╤Б╨╕╨╣. (https://learn.microsoft.com/dotnet/fundamentals/code-analysis/quality-rules/ca1416) [c:\Users\User\Desktop\2_year\softwareDesign\MDI\GrayscalePlugin\GrayscalePlugin.csproj]
c:\Users\User\Desktop\2_year\softwareDesign\MDI\GrayscalePlugin\GrayscaleFilter.cs(25,21): warning CA1416: ╨н╤В╨╛╤В ╤Б╨░╨╣╤В ╨▓╤Л╨╖╨╛╨▓╨░ ╨┤╨╛╤Б╤В╤Г╨┐╨╡╨╜ ╨╜╨░ ╨▓╤Б╨╡╤Е ╨┐╨╗╨░╤В╤Д╨╛╤А╨╝╨░╤Е. "Bitmap.SetPixel(int, int, Color)" ╨┐╨╛╨┤╨┤╨╡╤А╨╢╨╕╨▓╨░╨╡╤В╤Б╤П ╤В╨╛╨╗╤М╨║╨╛ ╨▓ "windows" 6.1 ╨╕ ╨▒╨╛╨╗╨╡╨╡ ╨┐╨╛╨╖╨┤╨╜╨╕╤Е ╨▓╨╡╤А╤Б╨╕╨╣. (https://learn.microsoft.com/dotnet/fundamentals/code-analysis/quality-rules/ca1416) [c:\Users\User\Desktop\2_year\softwareDesign\MDI\GrayscalePlugin\GrayscalePlugin.csproj]
c:\Users\User\Desktop\2_year\softwareDesign\MDI\GrayscalePlugin\GrayscaleFilter.cs(20,31): warning CA1416: ╨н╤В╨╛╤В ╤Б╨░╨╣╤В ╨▓╤Л╨╖╨╛╨▓╨░ ╨┤╨╛╤Б╤В╤Г╨┐╨╡╨╜ ╨╜╨░ ╨▓╤Б╨╡╤Е ╨┐╨╗╨░╤В╤Д╨╛╤А╨╝╨░╤Е. "Bitmap.GetPixel(int, int)" ╨┐╨╛╨┤╨┤╨╡╤А╨╢╨╕╨▓╨░╨╡╤В╤Б╤П ╤В╨╛╨╗╤М╨║╨╛ ╨▓ "windows" 6.1 ╨╕ ╨▒╨╛╨╗╨╡╨╡ ╨┐╨╛╨╖╨┤╨╜╨╕╤Е ╨▓╨╡╤А╤Б╨╕╨╣. (https://learn.microsoft.com/dotnet/fundamentals/code-analysis/quality-rules/ca1416) [c:\Users\User\Desktop\2_year\softwareDesign\MDI\GrayscalePlugin\GrayscalePlugin.csproj]
c:\Users\User\Desktop\2_year\softwareDesign\MDI\GrayscalePlugin\GrayscaleFilter.cs(18,37): warning CA1416: ╨н╤В╨╛╤В ╤Б╨░╨╣╤В ╨▓╤Л╨╖╨╛╨▓╨░ ╨┤╨╛╤Б╤В╤Г╨┐╨╡╨╜ ╨╜╨░ ╨▓╤Б╨╡╤Е ╨┐╨╗╨░╤В╤Д╨╛╤А╨╝╨░╤Е. "Image.Width" ╨┐╨╛╨┤╨┤╨╡╤А╨╢╨╕╨▓╨░╨╡╤В╤Б╤П ╤В╨╛╨╗╤М╨║╨╛ ╨▓ "windows" 6.1 ╨╕ ╨▒╨╛╨╗╨╡╨╡ ╨┐╨╛╨╖╨┤╨╜╨╕╤Е ╨▓╨╡╤А╤Б╨╕╨╣. (https://learn.microsoft.com/dotnet/fundamentals/code-analysis/quality-rules/ca1416) [c:\Users\User\Desktop\2_year\softwareDesign\MDI\GrayscalePlugin\GrayscalePlugin.csproj]
  GrayscalePlugin -> C:\Users\User\Desktop\2_year\softwareDesign\MDI\MDI\bin\Debug\net8.0-windows\Plugins\GrayscalePlugin.dll
C:\Users\User\Desktop\2_year\softwareDesign\MDI\MDI\MainForn.cs(58,43): warning CS8622: ╨Ф╨╛╨┐╤Г╤Б╤В╨╕╨╝╨╛╤Б╤В╤М ╨╖╨╜╨░╤З╨╡╨╜╨╕╨╣ NULL ╨┤╨╗╤П ╤Б╤Б╤Л╨╗╨╛╤З╨╜╤Л╤Е ╤В╨╕╨┐╨╛╨▓ ╨▓ ╤В╨╕╨┐╨╡ ╨┐╨░╤А╨░╨╝╨╡╤В╤А╨░ "sender" ╨╛╨▒╤К╨╡╨║╤В╨░ "void MainForm.NumStarPoints_ValueChanged(object sender, EventArgs e)" ╨╜╨╡ ╤Б╨╛╨╛╤В╨▓╨╡╤В╤Б╤В╨▓╤Г╨╡╤В ╤Ж╨╡╨╗╨╡╨▓╨╛╨╝╤Г ╨╛╨▒╤К╨╡╨║╤В╤Г ╨┤╨╡╨╗╨╡╨│╨╕╤А╨╛╨▓╨░╨╜╨╕╤П "EventHandler" (╨▓╨╛╨╖╨╝╨╛╨╢╨╜╨╛, ╨╕╨╖-╨╖╨░ ╨░╤В╤А╨╕╨▒╤Г╤В╨╛╨▓ ╨┤╨╛╨┐╤Г╤Б╤В╨╕╨╝╨╛╤Б╤В╨╕ ╨╖╨╜╨░╤З╨╡╨╜╨╕╨╣ NULL). [c:\Users\User\Desktop\2_year\softwareDesign\MDI\MDI\MDI.csproj]
C:\Users\User\Desktop\2_year\softwareDesign\MDI\MDI\MainForn.cs(71,42): warning CS8622: ╨Ф╨╛╨┐╤Г╤Б╤В╨╕╨╝╨╛╤Б╤В╤М ╨╖╨╜╨░╤З╨╡╨╜╨╕╨╣ NULL ╨┤╨╗╤П ╤Б╤Б╤Л╨╗╨╛╤З╨╜╤Л╤Е ╤В╨╕╨┐╨╛╨▓ ╨▓ ╤В╨╕╨┐╨╡ ╨┐╨░╤А╨░╨╝╨╡╤В╤А╨░ "sender" ╨╛╨▒╤К╨╡╨║╤В╨░ "void MainForm.NumStarRatio_ValueChanged(object sender, EventArgs e)" ╨╜╨╡ ╤Б╨╛╨╛╤В╨▓╨╡╤В╤Б╤В╨▓╤Г╨╡╤В ╤Ж╨╡╨╗╨╡╨▓╨╛╨╝╤Г ╨╛╨▒╤К╨╡╨║╤В╤Г ╨┤╨╡╨╗╨╡╨│╨╕╤А╨╛╨▓╨░╨╜╨╕╤П "EventHandler" (╨▓╨╛╨╖╨╝╨╛╨╢╨╜╨╛, ╨╕╨╖-╨╖╨░ ╨░╤В╤А╨╕╨▒╤Г╤В╨╛╨▓ ╨┤╨╛╨┐╤Г╤Б╤В╨╕╨╝╨╛╤Б╤В╨╕ ╨╖╨╜╨░╤З╨╡╨╜╨╕╨╣ NULL). [c:\Users\User\Desktop\2_year\softwareDesign\MDI\MDI\MDI.csproj]
C:\Users\User\Desktop\2_year\softwareDesign\MDI\MDI\MainForn.cs(458,38): warning CS8600: ╨Я╤А╨╡╨╛╨▒╤А╨░╨╖╨╛╨▓╨░╨╜╨╕╨╡ ╨╗╨╕╤В╨╡╤А╨░╨╗╨░, ╨┤╨╛╨┐╤Г╤Б╨║╨░╤О╤Й╨╡╨│╨╛ ╨╖╨╜╨░╤З╨╡╨╜╨╕╨╡ NULL ╨╕╨╗╨╕ ╨▓╨╛╨╖╨╝╨╛╨╢╨╜╨╛╨│╨╛ ╨╖╨╜╨░╤З╨╡╨╜╨╕╤П NULL ╨▓ ╤В╨╕╨┐, ╨╜╨╡ ╨┤╨╛╨┐╤Г╤Б╨║╨░╤О╤Й╨╕╨╣ ╨╖╨╜╨░╤З╨╡╨╜╨╕╨╡ NULL. [c:\Users\User\Desktop\2_year\softwareDesign\MDI\MDI\MDI.csproj]
C:\Users\User\Desktop\2_year\softwareDesign\MDI\MDI\MainForn.cs(459,33): warning CS8602: ╨а╨░╨╖╤Л╨╝╨╡╨╜╨╛╨▓╨░╨╜╨╕╨╡ ╨▓╨╡╤А╨╛╤П╤В╨╜╨╛╨╣ ╨┐╤Г╤Б╤В╨╛╨╣ ╤Б╤Б╤Л╨╗╨║╨╕. [c:\Users\User\Desktop\2_year\softwareDesign\MDI\MDI\MDI.csproj]
C:\Users\User\Desktop\2_year\softwareDesign\MDI\MDI\MainForn.cs(500,29): error CS1061: "ChildForm" ╨╜╨╡ ╤Б╨╛╨┤╨╡╤А╨╢╨╕╤В ╨╛╨┐╤А╨╡╨┤╨╡╨╗╨╡╨╜╨╕╤П "isModified", ╨╕ ╨╜╨╡ ╤Г╨┤╨░╨╗╨╛╤Б╤М ╨╜╨░╨╣╤В╨╕ ╨┤╨╛╤Б╤В╤Г╨┐╨╜╤Л╨╣ ╨╝╨╡╤В╨╛╨┤ ╤А╨░╤Б╤И╨╕╤А╨╡╨╜╨╕╤П "isModified", ╨┐╤А╨╕╨╜╨╕╨╝╨░╤О╤Й╨╕╨╣ ╤В╨╕╨┐ "ChildForm" ╨▓ ╨║╨░╤З╨╡╤Б╤В╨▓╨╡ ╨┐╨╡╤А╨▓╨╛╨│╨╛ ╨░╤А╨│╤Г╨╝╨╡╨╜╤В╨░ (╨▓╨╛╨╖╨╝╨╛╨╢╨╜╨╛, ╨┐╤А╨╛╨┐╤Г╤Й╨╡╨╜╨░ ╨┤╨╕╤А╨╡╨║╤В╨╕╨▓╨░ using ╨╕╨╗╨╕ ╤Б╤Б╤Л╨╗╨║╨░ ╨╜╨░ ╤Б╨▒╨╛╤А╨║╤Г). [c:\Users\User\Desktop\2_year\softwareDesign\MDI\MDI\MDI.csproj]
C:\Users\User\Desktop\2_year\softwareDesign\MDI\MDI\MainForn.cs(490,37): warning CS8600: ╨Я╤А╨╡╨╛╨▒╤А╨░╨╖╨╛╨▓╨░╨╜╨╕╨╡ ╨╗╨╕╤В╨╡╤А╨░╨╗╨░, ╨┤╨╛╨┐╤Г╤Б╨║╨░╤О╤Й╨╡╨│╨╛ ╨╖╨╜╨░╤З╨╡╨╜╨╕╨╡ NULL ╨╕╨╗╨╕ ╨▓╨╛╨╖╨╝╨╛╨╢╨╜╨╛╨│╨╛ ╨╖╨╜╨░╤З╨╡╨╜╨╕╤П NULL ╨▓ ╤В╨╕╨┐, ╨╜╨╡ ╨┤╨╛╨┐╤Г╤Б╨║╨░╤О╤Й╨╕╨╣ ╨╖╨╜╨░╤З╨╡╨╜╨╕╨╡ NULL. [c:\Users\User\Desktop\2_year\softwareDesign\MDI\MDI\MDI.csproj]

╨Ю╤И╨╕╨▒╨║╨░ ╤Б╨▒╨╛╤А╨║╨╕.

c:\Users\User\Desktop\2_year\softwareDesign\MDI\GrayscalePlugin\GrayscaleFilter.cs(16,33): warning CA1416: ╨н╤В╨╛╤В ╤Б╨░╨╣╤В ╨▓╤Л╨╖╨╛╨▓╨░ ╨┤╨╛╤Б╤В╤Г╨┐╨╡╨╜ ╨╜╨░ ╨▓╤Б╨╡╤Е ╨┐╨╗╨░╤В╤Д╨╛╤А╨╝╨░╤Е. "Image.Height" ╨┐╨╛╨┤╨┤╨╡╤А╨╢╨╕╨▓╨░╨╡╤В╤Б╤П ╤В╨╛╨╗╤М╨║╨╛ ╨▓ "windows" 6.1 ╨╕ ╨▒╨╛╨╗╨╡╨╡ ╨┐╨╛╨╖╨┤╨╜╨╕╤Е ╨▓╨╡╤А╤Б╨╕╨╣. (https://learn.microsoft.com/dotnet/fundamentals/code-analysis/quality-rules/ca1416) [c:\Users\User\Desktop\2_year\softwareDesign\MDI\GrayscalePlugin\GrayscalePlugin.csproj]
c:\Users\User\Desktop\2_year\softwareDesign\MDI\GrayscalePlugin\GrayscaleFilter.cs(25,21): warning CA1416: ╨н╤В╨╛╤В ╤Б╨░╨╣╤В ╨▓╤Л╨╖╨╛╨▓╨░ ╨┤╨╛╤Б╤В╤Г╨┐╨╡╨╜ ╨╜╨░ ╨▓╤Б╨╡╤Е ╨┐╨╗╨░╤В╤Д╨╛╤А╨╝╨░╤Е. "Bitmap.SetPixel(int, int, Color)" ╨┐╨╛╨┤╨┤╨╡╤А╨╢╨╕╨▓╨░╨╡╤В╤Б╤П ╤В╨╛╨╗╤М╨║╨╛ ╨▓ "windows" 6.1 ╨╕ ╨▒╨╛╨╗╨╡╨╡ ╨┐╨╛╨╖╨┤╨╜╨╕╤Е ╨▓╨╡╤А╤Б╨╕╨╣. (https://learn.microsoft.com/dotnet/fundamentals/code-analysis/quality-rules/ca1416) [c:\Users\User\Desktop\2_year\softwareDesign\MDI\GrayscalePlugin\GrayscalePlugin.csproj]
c:\Users\User\Desktop\2_year\softwareDesign\MDI\GrayscalePlugin\GrayscaleFilter.cs(20,31): warning CA1416: ╨н╤В╨╛╤В ╤Б╨░╨╣╤В ╨▓╤Л╨╖╨╛╨▓╨░ ╨┤╨╛╤Б╤В╤Г╨┐╨╡╨╜ ╨╜╨░ ╨▓╤Б╨╡╤Е ╨┐╨╗╨░╤В╤Д╨╛╤А╨╝╨░╤Е. "Bitmap.GetPixel(int, int)" ╨┐╨╛╨┤╨┤╨╡╤А╨╢╨╕╨▓╨░╨╡╤В╤Б╤П ╤В╨╛╨╗╤М╨║╨╛ ╨▓ "windows" 6.1 ╨╕ ╨▒╨╛╨╗╨╡╨╡ ╨┐╨╛╨╖╨┤╨╜╨╕╤Е ╨▓╨╡╤А╤Б╨╕╨╣. (https://learn.microsoft.com/dotnet/fundamentals/code-analysis/quality-rules/ca1416) [c:\Users\User\Desktop\2_year\softwareDesign\MDI\GrayscalePlugin\GrayscalePlugin.csproj]
c:\Users\User\Desktop\2_year\softwareDesign\MDI\GrayscalePlugin\GrayscaleFilter.cs(18,37): warning CA1416: ╨н╤В╨╛╤В ╤Б╨░╨╣╤В ╨▓╤Л╨╖╨╛╨▓╨░ ╨┤╨╛╤Б╤В╤Г╨┐╨╡╨╜ ╨╜╨░ ╨▓╤Б╨╡╤Е ╨┐╨╗╨░╤В╤Д╨╛╤А╨╝╨░╤Е. "Image.Width" ╨┐╨╛╨┤╨┤╨╡╤А╨╢╨╕╨▓╨░╨╡╤В╤Б╤П ╤В╨╛╨╗╤М╨║╨╛ ╨▓ "windows" 6.1 ╨╕ ╨▒╨╛╨╗╨╡╨╡ ╨┐╨╛╨╖╨┤╨╜╨╕╤Е ╨▓╨╡╤А╤Б╨╕╨╣. (https://learn.microsoft.com/dotnet/fundamentals/code-analysis/quality-rules/ca1416) [c:\Users\User\Desktop\2_year\softwareDesign\MDI\GrayscalePlugin\GrayscalePlugin.csproj]
C:\Users\User\Desktop\2_year\softwareDesign\MDI\MDI\MainForn.cs(58,43): warning CS8622: ╨Ф╨╛╨┐╤Г╤Б╤В╨╕╨╝╨╛╤Б╤В╤М ╨╖╨╜╨░╤З╨╡╨╜╨╕╨╣ NULL ╨┤╨╗╤П ╤Б╤Б╤Л╨╗╨╛╤З╨╜╤Л╤Е ╤В╨╕╨┐╨╛╨▓ ╨▓ ╤В╨╕╨┐╨╡ ╨┐╨░╤А╨░╨╝╨╡╤В╤А╨░ "sender" ╨╛╨▒╤К╨╡╨║╤В╨░ "void MainForm.NumStarPoints_ValueChanged(object sender, EventArgs e)" ╨╜╨╡ ╤Б╨╛╨╛╤В╨▓╨╡╤В╤Б╤В╨▓╤Г╨╡╤В ╤Ж╨╡╨╗╨╡╨▓╨╛╨╝╤Г ╨╛╨▒╤К╨╡╨║╤В╤Г ╨┤╨╡╨╗╨╡╨│╨╕╤А╨╛╨▓╨░╨╜╨╕╤П "EventHandler" (╨▓╨╛╨╖╨╝╨╛╨╢╨╜╨╛, ╨╕╨╖-╨╖╨░ ╨░╤В╤А╨╕╨▒╤Г╤В╨╛╨▓ ╨┤╨╛╨┐╤Г╤Б╤В╨╕╨╝╨╛╤Б╤В╨╕ ╨╖╨╜╨░╤З╨╡╨╜╨╕╨╣ NULL). [c:\Users\User\Desktop\2_year\softwareDesign\MDI\MDI\MDI.csproj]
C:\Users\User\Desktop\2_year\softwareDesign\MDI\MDI\MainForn.cs(71,42): warning CS8622: ╨Ф╨╛╨┐╤Г╤Б╤В╨╕╨╝╨╛╤Б╤В╤М ╨╖╨╜╨░╤З╨╡╨╜╨╕╨╣ NULL ╨┤╨╗╤П ╤Б╤Б╤Л╨╗╨╛╤З╨╜╤Л╤Е ╤В╨╕╨┐╨╛╨▓ ╨▓ ╤В╨╕╨┐╨╡ ╨┐╨░╤А╨░╨╝╨╡╤В╤А╨░ "sender" ╨╛╨▒╤К╨╡╨║╤В╨░ "void MainForm.NumStarRatio_ValueChanged(object sender, EventArgs e)" ╨╜╨╡ ╤Б╨╛╨╛╤В╨▓╨╡╤В╤Б╤В╨▓╤Г╨╡╤В ╤Ж╨╡╨╗╨╡╨▓╨╛╨╝╤Г ╨╛╨▒╤К╨╡╨║╤В╤Г ╨┤╨╡╨╗╨╡╨│╨╕╤А╨╛╨▓╨░╨╜╨╕╤П "EventHandler" (╨▓╨╛╨╖╨╝╨╛╨╢╨╜╨╛, ╨╕╨╖-╨╖╨░ ╨░╤В╤А╨╕╨▒╤Г╤В╨╛╨▓ ╨┤╨╛╨┐╤Г╤Б╤В╨╕╨╝╨╛╤Б╤В╨╕ ╨╖╨╜╨░╤З╨╡╨╜╨╕╨╣ NULL). [c:\Users\User\Desktop\2_year\softwareDesign\MDI\MDI\MDI.csproj]
C:\Users\User\Desktop\2_year\softwareDesign\MDI\MDI\MainForn.cs(458,38): warning CS8600: ╨Я╤А╨╡╨╛╨▒╤А╨░╨╖╨╛╨▓╨░╨╜╨╕╨╡ ╨╗╨╕╤В╨╡╤А╨░╨╗╨░, ╨┤╨╛╨┐╤Г╤Б╨║╨░╤О╤Й╨╡╨│╨╛ ╨╖╨╜╨░╤З╨╡╨╜╨╕╨╡ NULL ╨╕╨╗╨╕ ╨▓╨╛╨╖╨╝╨╛╨╢╨╜╨╛╨│╨╛ ╨╖╨╜╨░╤З╨╡╨╜╨╕╤П NULL ╨▓ ╤В╨╕╨┐, ╨╜╨╡ ╨┤╨╛╨┐╤Г╤Б╨║╨░╤О╤Й╨╕╨╣ ╨╖╨╜╨░╤З╨╡╨╜╨╕╨╡ NULL. [c:\Users\User\Desktop\2_year\softwareDesign\MDI\MDI\MDI.csproj]
C:\Users\User\Desktop\2_year\softwareDesign\MDI\MDI\MainForn.cs(459,33): warning CS8602: ╨а╨░╨╖╤Л╨╝╨╡╨╜╨╛╨▓╨░╨╜╨╕╨╡ ╨▓╨╡╤А╨╛╤П╤В╨╜╨╛╨╣ ╨┐╤Г╤Б╤В╨╛╨╣ ╤Б╤Б╤Л╨╗╨║╨╕. [c:\Users\User\Desktop\2_year\softwareDesign\MDI\MDI\MDI.csproj]
C:\Users\User\Desktop\2_year\softwareDesign\MDI\MDI\MainForn.cs(490,37): warning CS8600: ╨Я╤А╨╡╨╛╨▒╤А╨░╨╖╨╛╨▓╨░╨╜╨╕╨╡ ╨╗╨╕╤В╨╡╤А╨░╨╗╨░, ╨┤╨╛╨┐╤Г╤Б╨║╨░╤О╤Й╨╡╨│╨╛ ╨╖╨╜╨░╤З╨╡╨╜╨╕╨╡ NULL ╨╕╨╗╨╕ ╨▓╨╛╨╖╨╝╨╛╨╢╨╜╨╛╨│╨╛ ╨╖╨╜╨░╤З╨╡╨╜╨╕╤П NULL ╨▓ ╤В╨╕╨┐, ╨╜╨╡ ╨┤╨╛╨┐╤Г╤Б╨║╨░╤О╤Й╨╕╨╣ ╨╖╨╜╨░╤З╨╡╨╜╨╕╨╡ NULL. [c:\Users\User\Desktop\2_year\softwareDesign\MDI\MDI\MDI.csproj]
C:\Users\User\Desktop\2_year\softwareDesign\MDI\MDI\MainForn.cs(500,29): error CS1061: "ChildForm" ╨╜╨╡ ╤Б╨╛╨┤╨╡╤А╨╢╨╕╤В ╨╛╨┐╤А╨╡╨┤╨╡╨╗╨╡╨╜╨╕╤П "isModified", ╨╕ ╨╜╨╡ ╤Г╨┤╨░╨╗╨╛╤Б╤М ╨╜╨░╨╣╤В╨╕ ╨┤╨╛╤Б╤В╤Г╨┐╨╜╤Л╨╣ ╨╝╨╡╤В╨╛╨┤ ╤А╨░╤Б╤И╨╕╤А╨╡╨╜╨╕╤П "isModified", ╨┐╤А╨╕╨╜╨╕╨╝╨░╤О╤Й╨╕╨╣ ╤В╨╕╨┐ "ChildForm" ╨▓ ╨║╨░╤З╨╡╤Б╤В╨▓╨╡ ╨┐╨╡╤А╨▓╨╛╨│╨╛ ╨░╤А╨│╤Г╨╝╨╡╨╜╤В╨░ (╨▓╨╛╨╖╨╝╨╛╨╢╨╜╨╛, ╨┐╤А╨╛╨┐╤Г╤Й╨╡╨╜╨░ ╨┤╨╕╤А╨╡╨║╤В╨╕╨▓╨░ using ╨╕╨╗╨╕ ╤Б╤Б╤Л╨╗╨║╨░ ╨╜╨░ ╤Б╨▒╨╛╤А╨║╤Г). [c:\Users\User\Desktop\2_year\softwareDesign\MDI\MDI\MDI.csproj]
    ╨Я╤А╨╡╨┤╤Г╨┐╤А╨╡╨╢╨┤╨╡╨╜╨╕╨╣: 9
    ╨Ю╤И╨╕╨▒╨╛╨║: 1

╨Я╤А╨╛╤И╨╗╨╛ ╨▓╤А╨╡╨╝╨╡╨╜╨╕ 00:00:01.57
